Microchip MPLAB XC8 PIC(R) Assembler V3.10

Linker command line:

-W-3 \
  --edf=C:\Program Files\Microchip\xc8\v3.10\pic\dat\20250813170317_en.msgs \
  -cs -h+dist/default/debug\le3.X.debug.sym \
  --cmf=dist/default/debug\le3.X.debug.cmf -z -Q18F4550 \
  -oC:\Users\david\AppData\Local\Temp\xcAs1ceo.0\driver_tmp_3.o \
  --fixupoverflow=error -ver=XC8 PIC(R) Assembler --fixupoverflow=lstwarn \
  -Mdist/default/debug/le3.X.debug.map -E1 -ACODE=00h-07h,0Ch-07FFFh \
  -ACONST=00h-07h,0Ch-07FFFh -ASMALLCONST=0800h-08FFhx120 \
  -AMEDIUMCONST=0800h-07FFFh -ACOMRAM=00h-05Fh -AABS1=00h-07FFh \
  -ABIGRAM=00h-07FFh -ARAM=060h-0FFh,0100h-01FFhx7 -ABANK0=060h-0FFh \
  -ABANK1=0100h-01FFh -ABANK2=0200h-02FFh -ABANK3=0300h-03FFh \
  -ABANK4=0400h-04FFh -ABANK5=0500h-05FFh -ABANK6=0600h-06FFh \
  -ABANK7=0700h-07FFh -ASFR=0F60h-0FFFh -ABIGSFR=0F60h-0FFFh \
  -AIDLOC=0200000h-0200007h -AEEDATA=0F00000h-0F000FFh \
  build/default/debug/l3.o 

Object code version is 3.11

Machine type is 18F4550



                Name                               Link     Load   Length Selector   Space Scale
build/default/debug/l3.o
                config                           300000   300000        E        0       4
                intVec                             7EA8     7EA8        C     3F54       0
                resetVec                              0        0        4        0       0
                code                               7EB4     7EB4      14C     3F5A       0
                udata_acs                             0        0        9        0       1

TOTAL           Name                               Link     Load   Length     Space
        CLASS   CODE           
                intVec                             7EA8     7EA8        C         0
                resetVec                              0        0        4         0
                code                               7EB4     7EB4      14C         0

        CLASS   CONST          

        CLASS   SMALLCONST     

        CLASS   MEDIUMCONST    

        CLASS   COMRAM         
                udata_acs                             0        0        9         1

        CLASS   ABS1           

        CLASS   BIGRAM         

        CLASS   RAM            

        CLASS   BANK0          

        CLASS   BANK1          

        CLASS   BANK2          

        CLASS   BANK3          

        CLASS   BANK4          

        CLASS   BANK5          

        CLASS   BANK6          

        CLASS   BANK7          

        CLASS   SFR            

        CLASS   BIGSFR         

        CLASS   IDLOC          

        CLASS   EEDATA         

        CLASS   CONFIG         
                config                           300000   300000        E         4



SEGMENTS        Name                           Load    Length   Top    Selector   Space  Class

                udata_acs                      000000  000009  000009         0       1  COMRAM  
                resetVec                       000000  000004  000004         0       0  CODE    
                intVec                         007EA8  00000C  007EB4      3F54       0  CODE    
                code                           007EB4  00014C  008000      3F5A       0  CODE    


UNUSED ADDRESS RANGES

        Name                Unused          Largest block    Delta
        BANK0            000060-0000FF               A0
        BANK1            000100-0001FF              100
        BANK2            000200-0002FF              100
        BANK3            000300-0003FF              100
        BANK4            000400-0004FF              100
        BANK5            000500-0005FF              100
        BANK6            000600-0006FF              100
        BANK7            000700-0007FF              100
        BIGRAM           000004-0007FF              7FC
        BIGSFR           000F60-000FFF               A0
        CODE             000004-000007                4
                         00000C-007EA7             7E9C
        COMRAM           000009-00005F               57
        CONST            000004-000007                4
                         00000C-007EA7             7E9C
        EEDATA           F00000-F000FF              100
        IDLOC            200000-200007                8
        MEDIUMCONST      000800-007EA7             76A8
        RAM              000060-0007FF              100
        SFR              000F60-000FFF               A0
        SMALLCONST       000800-007EA7              100

                                  Symbol Table

__H__absolute__ __absolute__ 000000  __Hcode         code         000000
__Hconfig       config       30000E  __Hdata         data         000000
__Hedata        edata        000000  __HintVec       intVec       000000
__HresetVec     resetVec     000000  __Hspace_0      (abs)        008000
__Hspace_1      (abs)        000009  __Hspace_3      (abs)        000000
__Hspace_4      (abs)        60000E  __Hudata        udata        000000
__Hudata_acs    udata_acs    000000  __Hudata_bank0  udata_bank0  000000
__Hudata_bank1  udata_bank1  000000  __Hudata_bank2  udata_bank2  000000
__Hudata_bank3  udata_bank3  000000  __Hudata_bank4  udata_bank4  000000
__Hudata_bank5  udata_bank5  000000  __Hudata_bank6  udata_bank6  000000
__Hudata_bank7  udata_bank7  000000  __L__absolute__ __absolute__ 000000
__Lcode         code         000000  __Lconfig       config       000000
__Ldata         data         000000  __Ledata        edata        000000
__LintVec       intVec       000000  __LresetVec     resetVec     000000
__Lspace_0      (abs)        000000  __Lspace_1      (abs)        000000
__Lspace_3      (abs)        000000  __Lspace_4      (abs)        000000
__Ludata        udata        000000  __Ludata_acs    udata_acs    000000
__Ludata_bank0  udata_bank0  000000  __Ludata_bank1  udata_bank1  000000
__Ludata_bank2  udata_bank2  000000  __Ludata_bank3  udata_bank3  000000
__Ludata_bank4  udata_bank4  000000  __Ludata_bank5  udata_bank5  000000
__Ludata_bank6  udata_bank6  000000  __Ludata_bank7  udata_bank7  000000
__S0            (abs)        008000  __S1            (abs)        000009
__S3            (abs)        000000  isa$std         (abs)        000001
isa$xinst       (abs)        000000  
